[subes.becasbenitojuarez.gob.mx/static/img/favicon/apple-touch-icon-57x57.png]
[subes.becasbenitojuarez.gob.mx/static/img/favicon/apple-touch-icon-114x114.png]
[subes.becasbenitojuarez.gob.mx/static/img/favicon/apple-touch-icon-72x72.png]
[subes.becasbenitojuarez.gob.mx/static/img/favicon/apple-touch-icon-144x144.png]
[subes.becasbenitojuarez.gob.mx/static/img/favicon/apple-touch-icon-60x60.png]
[subes.becasbenitojuarez.gob.mx/static/img/favicon/apple-touch-icon-120x120.png]
[subes.becasbenitojuarez.gob.mx/static/img/favicon/apple-touch-icon-76x76.png]
[subes.becasbenitojuarez.gob.mx/static/img/favicon/apple-touch-icon-152x152.png]
[subes.becasbenitojuarez.gob.mx/static/img/favicon/favicon-196x196.png]
[subes.becasbenitojuarez.gob.mx/static/img/favicon/favicon-96x96.png]
[subes.becasbenitojuarez.gob.mx/static/img/favicon/favicon-32x32.png]
[subes.becasbenitojuarez.gob.mx/static/img/favicon/favicon-16x16.png]
[subes.becasbenitojuarez.gob.mx/static/img/favicon/favicon-128.png]
[backblue.gif]
[fade.gif]
[index.html]
[framework-gb.cdn.gob.mx/assets/styles/main.css]
[www.google.com/recaptcha/api.js]
[subes.becasbenitojuarez.gob.mx/archivos/tutor/manual_general.pdf]
[framework-gb.cdn.gob.mx/gobmx.js]
[www.google-analytics.com/analytics.js]
[subes.becasbenitojuarez.gob.mx/utils/inicio/inicio.js]
[sb.scorecardresearch.com/internal-c2/default/ct.js]
[subes.becasbenitojuarez.gob.mx/index.html]
[framework-gb.cdn.gob.mx/assets/styles/fonts/icogobmxf547.eot]
[framework-gb.cdn.gob.mx/assets/styles/fonts/icogobmxd41d.eot]
[framework-gb.cdn.gob.mx/assets/styles/fonts/icogobmxf547.woff]
[framework-gb.cdn.gob.mx/assets/styles/fonts/icogobmxf547.ttf]
[framework-gb.cdn.gob.mx/assets/styles/fonts/icogobmxf547.svg]
[framework-gb.cdn.gob.mx/assets/images/icons_full.png]
[framework-gb.cdn.gob.mx/assets/styles/main.css]
[subes.becasbenitojuarez.gob.mx/static/css/cnbes.css]
[framework-gb.cdn.gob.mx/gobmx.js]
[framework-gb.cdn.gob.mx/assets/styles/fonts/icogobmxf547.svg]
[framework-gb.cdn.gob.mx/assets/images/home_picture.html]
